{
  "dataSources": [
    {
      "enableCaching": false,
      "id": "demo-test-ds",
      "name": "demo-test-ds",
      "permissions": [
        {
          "assignee": {
            "id": "demo2",
            "type": "user"
          },
          "name": "MANAGE"
        },
        {
          "assignee": {
            "id": "demoGroup",
            "type": "userGroup"
          },
          "name": "USE"
        }
      ],
      "schema": "demo",
      "type": "POSTGRESQL",
      "url": "jdbc:postgresql://localhost:5432/demo",
      "username": "demouser"
    }
  ]
}
