[
  {
    "assignee": {
      "id": "adminGroup",
      "type": "userGroup"
    },
    "name": "MANAGE"
  },
  {
    "assignee": {
      "id": "adminGroup",
      "type": "userGroup"
    },
    "name": "SELF_CREATE_TOKEN"
  }
]
