{
  "analytics": {
    "analyticalDashboards": [],
    "analyticalDashboardExtensions": [
      {
        "id": "campaign",
        "permissions": [
          {
            "assigneeRule": {
              "type": "allWorkspaceUsers"
            },
            "name": "VIEW"
          }
        ]
      }
    ],
    "dashboardPlugins": [],
    "filterContexts": [],
    "metrics": [],
    "visualizationObjects": []
  }
}
