{
  "workspaceDataFilters": [
    {
      "columnName": "wdf__region",
      "id": "wdf__region",
      "title": "Customer region",
      "workspace": {
        "id": "demo",
        "type": "workspace"
      },
      "workspaceDataFilterSettings": [
        {
          "filterValues": [
            "West"
          ],
          "id": "region_west",
          "title": "Region West",
          "workspace": {
            "id": "demo_west",
            "type": "workspace"
          }
        }
      ]
    },
    {
      "columnName": "wdf__state",
      "id": "wdf__state",
      "title": "Customer state",
      "workspace": {
        "id": "demo_west",
        "type": "workspace"
      },
      "workspaceDataFilterSettings": [
        {
          "filterValues": [
            "California"
          ],
          "id": "region_west_california",
          "title": "Region West California",
          "workspace": {
            "id": "demo_west_california",
            "type": "workspace"
          }
        }
      ]
    }
  ]
}
